../Core/Src/main.c:113:5:__io_putchar	16	static
../Core/Src/main.c:119:6:HAL_CAN_RxFifo0MsgPendingCallback	24	static
../Core/Src/main.c:152:6:HAL_TIM_PeriodElapsedCallback	16	static
../Core/Src/main.c:162:6:HAL_ADC_ConvCpltCallback	16	static
../Core/Src/main.c:176:5:main	16	static
../Core/Src/main.c:260:6:SystemClock_Config	88	static
../Core/Src/main.c:307:13:MX_ADC1_Init	24	static
../Core/Src/main.c:377:13:MX_CAN_Init	48	static
../Core/Src/main.c:440:13:MX_TIM3_Init	32	static
../Core/Src/main.c:485:13:MX_USART1_UART_Init	8	static
../Core/Src/main.c:516:13:MX_DMA_Init	16	static
../Core/Src/main.c:534:13:MX_GPIO_Init	40	static
../Core/Src/main.c:587:6:StartADC1	16	static
../Core/Src/main.c:624:6:VoltageMessure	16	static
../Core/Src/main.c:668:6:MeasureCurrent	16	static
../Core/Src/main.c:673:6:SendData	32	static
../Core/Src/main.c:707:6:HeartbeatTask	8	static
../Core/Src/main.c:722:6:Error_Handler	4	static,ignoring_inline_asm
